[2025] loading team CSVs from C:\Users\jaico\lineups\statcast hitters ...
[2025] 182,892 PAs loaded.
[2025] building baselines + swing/bat-tracking metrics ...
Processed 100/532 hitters
Processed 200/532 hitters
Processed 300/532 hitters
Processed 400/532 hitters
Processed 500/532 hitters
Processed 532/532 hitters
[2025] saved hitter_baselines_comprehensive_2025.parquet (573 hitters)
[2025] computing conditional lineup stats ...

Calculating comprehensive Statcast metrics for conditional pairs...
(This may take several minutes depending on cache...)

DEBUG focal_id: 455117
DEBUG cond_id: 642180
DEBUG focal_side: R
DEBUG cond_side: L
DEBUG cache exists: True
DEBUG relevant_games count: 13
DEBUG filtered_pitches rows: 114
DEBUG pitch_data rows: 600
DEBUG pitch_data columns: ['pitch_type', 'game_date', 'release_speed', 'release_pos_x', 'release_pos_z', 'player_name', 'batter', 'pitcher', 'events', 'description', 'spin_dir', 'spin_rate_deprecated', 'break_angle_deprecated', 'break_length_deprecated', 'zone', 'des', 'game_type', 'stand', 'p_throws', 'home_team', 'away_team', 'type', 'hit_location', 'bb_type', 'balls', 'strikes', 'game_year', 'pfx_x', 'pfx_z', 'plate_x', 'plate_z', 'on_3b', 'on_2b', 'on_1b', 'outs_when_up', 'inning', 'inning_topbot', 'hc_x', 'hc_y', 'tfs_deprecated', 'tfs_zulu_deprecated', 'umpire', 'sv_id', 'vx0', 'vy0', 'vz0', 'ax', 'ay', 'az', 'sz_top', 'sz_bot', 'hit_distance_sc', 'launch_speed', 'launch_angle', 'effective_speed', 'release_spin_rate', 'release_extension', 'game_pk', 'fielder_2', 'fielder_3', 'fielder_4', 'fielder_5', 'fielder_6', 'fielder_7', 'fielder_8', 'fielder_9', 'release_pos_y', 'estimated_ba_using_speedangle', 'estimated_woba_using_speedangle', 'woba_value', 'woba_denom', 'babip_value', 'iso_value', 'launch_speed_angle', 'at_bat_number', 'pitch_number', 'pitch_name', 'home_score', 'away_score', 'bat_score', 'fld_score', 'post_away_score', 'post_home_score', 'post_bat_score', 'post_fld_score', 'if_fielding_alignment', 'of_fielding_alignment', 'spin_axis', 'delta_home_win_exp', 'delta_run_exp', 'bat_speed', 'swing_length', 'estimated_slg_using_speedangle', 'delta_pitcher_run_exp', 'hyper_speed', 'home_score_diff', 'bat_score_diff', 'home_win_exp', 'bat_win_exp', 'age_pit_legacy', 'age_bat_legacy', 'age_pit', 'age_bat', 'n_thruorder_pitcher', 'n_priorpa_thisgame_player_at_bat', 'pitcher_days_since_prev_game', 'batter_days_since_prev_game', 'pitcher_days_until_next_game', 'batter_days_until_next_game', 'api_break_z_with_gravity', 'api_break_x_arm', 'api_break_x_batter_in', 'arm_angle', 'attack_angle', 'attack_direction', 'swing_path_tilt', 'intercept_ball_minus_batter_pos_x_inches', 'intercept_ball_minus_batter_pos_y_inches']
DEBUG pitch stand unique: ['R']
DEBUG pitch game_pk dtype: int64
DEBUG sample pitch game_pk: [776931, 776931, 776931, 776931, 776931]
DEBUG sample relevant_games: [778209, 778146, 777656, 778315, 778160]

DEBUG focal_id: 456781
DEBUG cond_id: 641598
DEBUG focal_side: R
DEBUG cond_side: R
DEBUG cache exists: True
DEBUG relevant_games count: 17
DEBUG filtered_pitches rows: 199
DEBUG pitch_data rows: 751
DEBUG pitch_data columns: ['pitch_type', 'game_date', 'release_speed', 'release_pos_x', 'release_pos_z', 'player_name', 'batter', 'pitcher', 'events', 'description', 'spin_dir', 'spin_rate_deprecated', 'break_angle_deprecated', 'break_length_deprecated', 'zone', 'des', 'game_type', 'stand', 'p_throws', 'home_team', 'away_team', 'type', 'hit_location', 'bb_type', 'balls', 'strikes', 'game_year', 'pfx_x', 'pfx_z', 'plate_x', 'plate_z', 'on_3b', 'on_2b', 'on_1b', 'outs_when_up', 'inning', 'inning_topbot', 'hc_x', 'hc_y', 'tfs_deprecated', 'tfs_zulu_deprecated', 'umpire', 'sv_id', 'vx0', 'vy0', 'vz0', 'ax', 'ay', 'az', 'sz_top', 'sz_bot', 'hit_distance_sc', 'launch_speed', 'launch_angle', 'effective_speed', 'release_spin_rate', 'release_extension', 'game_pk', 'fielder_2', 'fielder_3', 'fielder_4', 'fielder_5', 'fielder_6', 'fielder_7', 'fielder_8', 'fielder_9', 'release_pos_y', 'estimated_ba_using_speedangle', 'estimated_woba_using_speedangle', 'woba_value', 'woba_denom', 'babip_value', 'iso_value', 'launch_speed_angle', 'at_bat_number', 'pitch_number', 'pitch_name', 'home_score', 'away_score', 'bat_score', 'fld_score', 'post_away_score', 'post_home_score', 'post_bat_score', 'post_fld_score', 'if_fielding_alignment', 'of_fielding_alignment', 'spin_axis', 'delta_home_win_exp', 'delta_run_exp', 'bat_speed', 'swing_length', 'estimated_slg_using_speedangle', 'delta_pitcher_run_exp', 'hyper_speed', 'home_score_diff', 'bat_score_diff', 'home_win_exp', 'bat_win_exp', 'age_pit_legacy', 'age_bat_legacy', 'age_pit', 'age_bat', 'n_thruorder_pitcher', 'n_priorpa_thisgame_player_at_bat', 'pitcher_days_since_prev_game', 'batter_days_since_prev_game', 'pitcher_days_until_next_game', 'batter_days_until_next_game', 'api_break_z_with_gravity', 'api_break_x_arm', 'api_break_x_batter_in', 'arm_angle', 'attack_angle', 'attack_direction', 'swing_path_tilt', 'intercept_ball_minus_batter_pos_x_inches', 'intercept_ball_minus_batter_pos_y_inches']
DEBUG pitch stand unique: ['R']
DEBUG pitch game_pk dtype: int64
DEBUG sample pitch game_pk: [776158, 776158, 776158, 776158, 776158]
DEBUG sample relevant_games: [776736, 778241, 778436, 778469, 777548]

DEBUG focal_id: 456781
DEBUG cond_id: 668227
DEBUG focal_side: R
DEBUG cond_side: R
DEBUG cache exists: True
DEBUG relevant_games count: 15
DEBUG filtered_pitches rows: 135
DEBUG pitch_data rows: 751
DEBUG pitch_data columns: ['pitch_type', 'game_date', 'release_speed', 'release_pos_x', 'release_pos_z', 'player_name', 'batter', 'pitcher', 'events', 'description', 'spin_dir', 'spin_rate_deprecated', 'break_angle_deprecated', 'break_length_deprecated', 'zone', 'des', 'game_type', 'stand', 'p_throws', 'home_team', 'away_team', 'type', 'hit_location', 'bb_type', 'balls', 'strikes', 'game_year', 'pfx_x', 'pfx_z', 'plate_x', 'plate_z', 'on_3b', 'on_2b', 'on_1b', 'outs_when_up', 'inning', 'inning_topbot', 'hc_x', 'hc_y', 'tfs_deprecated', 'tfs_zulu_deprecated', 'umpire', 'sv_id', 'vx0', 'vy0', 'vz0', 'ax', 'ay', 'az', 'sz_top', 'sz_bot', 'hit_distance_sc', 'launch_speed', 'launch_angle', 'effective_speed', 'release_spin_rate', 'release_extension', 'game_pk', 'fielder_2', 'fielder_3', 'fielder_4', 'fielder_5', 'fielder_6', 'fielder_7', 'fielder_8', 'fielder_9', 'release_pos_y', 'estimated_ba_using_speedangle', 'estimated_woba_using_speedangle', 'woba_value', 'woba_denom', 'babip_value', 'iso_value', 'launch_speed_angle', 'at_bat_number', 'pitch_number', 'pitch_name', 'home_score', 'away_score', 'bat_score', 'fld_score', 'post_away_score', 'post_home_score', 'post_bat_score', 'post_fld_score', 'if_fielding_alignment', 'of_fielding_alignment', 'spin_axis', 'delta_home_win_exp', 'delta_run_exp', 'bat_speed', 'swing_length', 'estimated_slg_using_speedangle', 'delta_pitcher_run_exp', 'hyper_speed', 'home_score_diff', 'bat_score_diff', 'home_win_exp', 'bat_win_exp', 'age_pit_legacy', 'age_bat_legacy', 'age_pit', 'age_bat', 'n_thruorder_pitcher', 'n_priorpa_thisgame_player_at_bat', 'pitcher_days_since_prev_game', 'batter_days_since_prev_game', 'pitcher_days_until_next_game', 'batter_days_until_next_game', 'api_break_z_with_gravity', 'api_break_x_arm', 'api_break_x_batter_in', 'arm_angle', 'attack_angle', 'attack_direction', 'swing_path_tilt', 'intercept_ball_minus_batter_pos_x_inches', 'intercept_ball_minus_batter_pos_y_inches']
DEBUG pitch stand unique: ['R']
DEBUG pitch game_pk dtype: int64
DEBUG sample pitch game_pk: [776158, 776158, 776158, 776158, 776158]
DEBUG sample relevant_games: [777984, 777281, 777958, 777896, 777322]

DEBUG focal_id: 457705
DEBUG cond_id: 502054
DEBUG focal_side: R
DEBUG cond_side: R
DEBUG cache exists: True
DEBUG relevant_games count: 23
DEBUG filtered_pitches rows: 376
DEBUG pitch_data rows: 2325
DEBUG pitch_data columns: ['pitch_type', 'game_date', 'release_speed', 'release_pos_x', 'release_pos_z', 'player_name', 'batter', 'pitcher', 'events', 'description', 'spin_dir', 'spin_rate_deprecated', 'break_angle_deprecated', 'break_length_deprecated', 'zone', 'des', 'game_type', 'stand', 'p_throws', 'home_team', 'away_team', 'type', 'hit_location', 'bb_type', 'balls', 'strikes', 'game_year', 'pfx_x', 'pfx_z', 'plate_x', 'plate_z', 'on_3b', 'on_2b', 'on_1b', 'outs_when_up', 'inning', 'inning_topbot', 'hc_x', 'hc_y', 'tfs_deprecated', 'tfs_zulu_deprecated', 'umpire', 'sv_id', 'vx0', 'vy0', 'vz0', 'ax', 'ay', 'az', 'sz_top', 'sz_bot', 'hit_distance_sc', 'launch_speed', 'launch_angle', 'effective_speed', 'release_spin_rate', 'release_extension', 'game_pk', 'fielder_2', 'fielder_3', 'fielder_4', 'fielder_5', 'fielder_6', 'fielder_7', 'fielder_8', 'fielder_9', 'release_pos_y', 'estimated_ba_using_speedangle', 'estimated_woba_using_speedangle', 'woba_value', 'woba_denom', 'babip_value', 'iso_value', 'launch_speed_angle', 'at_bat_number', 'pitch_number', 'pitch_name', 'home_score', 'away_score', 'bat_score', 'fld_score', 'post_away_score', 'post_home_score', 'post_bat_score', 'post_fld_score', 'if_fielding_alignment', 'of_fielding_alignment', 'spin_axis', 'delta_home_win_exp', 'delta_run_exp', 'bat_speed', 'swing_length', 'estimated_slg_using_speedangle', 'delta_pitcher_run_exp', 'hyper_speed', 'home_score_diff', 'bat_score_diff', 'home_win_exp', 'bat_win_exp', 'age_pit_legacy', 'age_bat_legacy', 'age_pit', 'age_bat', 'n_thruorder_pitcher', 'n_priorpa_thisgame_player_at_bat', 'pitcher_days_since_prev_game', 'batter_days_since_prev_game', 'pitcher_days_until_next_game', 'batter_days_until_next_game', 'api_break_z_with_gravity', 'api_break_x_arm', 'api_break_x_batter_in', 'arm_angle', 'attack_angle', 'attack_direction', 'swing_path_tilt', 'intercept_ball_minus_batter_pos_x_inches', 'intercept_ball_minus_batter_pos_y_inches']
DEBUG pitch stand unique: ['R']
DEBUG pitch game_pk dtype: int64
DEBUG sample pitch game_pk: [776149, 776149, 776149, 776180, 776180]
DEBUG sample relevant_games: [777985, 777090, 776964, 776453, 776461]

DEBUG focal_id: 457705
DEBUG cond_id: 665833
DEBUG focal_side: R
DEBUG cond_side: L
DEBUG cache exists: True
DEBUG relevant_games count: 35
DEBUG filtered_pitches rows: 615
DEBUG pitch_data rows: 2325
DEBUG pitch_data columns: ['pitch_type', 'game_date', 'release_speed', 'release_pos_x', 'release_pos_z', 'player_name', 'batter', 'pitcher', 'events', 'description', 'spin_dir', 'spin_rate_deprecated', 'break_angle_deprecated', 'break_length_deprecated', 'zone', 'des', 'game_type', 'stand', 'p_throws', 'home_team', 'away_team', 'type', 'hit_location', 'bb_type', 'balls', 'strikes', 'game_year', 'pfx_x', 'pfx_z', 'plate_x', 'plate_z', 'on_3b', 'on_2b', 'on_1b', 'outs_when_up', 'inning', 'inning_topbot', 'hc_x', 'hc_y', 'tfs_deprecated', 'tfs_zulu_deprecated', 'umpire', 'sv_id', 'vx0', 'vy0', 'vz0', 'ax', 'ay', 'az', 'sz_top', 'sz_bot', 'hit_distance_sc', 'launch_speed', 'launch_angle', 'effective_speed', 'release_spin_rate', 'release_extension', 'game_pk', 'fielder_2', 'fielder_3', 'fielder_4', 'fielder_5', 'fielder_6', 'fielder_7', 'fielder_8', 'fielder_9', 'release_pos_y', 'estimated_ba_using_speedangle', 'estimated_woba_using_speedangle', 'woba_value', 'woba_denom', 'babip_value', 'iso_value', 'launch_speed_angle', 'at_bat_number', 'pitch_number', 'pitch_name', 'home_score', 'away_score', 'bat_score', 'fld_score', 'post_away_score', 'post_home_score', 'post_bat_score', 'post_fld_score', 'if_fielding_alignment', 'of_fielding_alignment', 'spin_axis', 'delta_home_win_exp', 'delta_run_exp', 'bat_speed', 'swing_length', 'estimated_slg_using_speedangle', 'delta_pitcher_run_exp', 'hyper_speed', 'home_score_diff', 'bat_score_diff', 'home_win_exp', 'bat_win_exp', 'age_pit_legacy', 'age_bat_legacy', 'age_pit', 'age_bat', 'n_thruorder_pitcher', 'n_priorpa_thisgame_player_at_bat', 'pitcher_days_since_prev_game', 'batter_days_since_prev_game', 'pitcher_days_until_next_game', 'batter_days_until_next_game', 'api_break_z_with_gravity', 'api_break_x_arm', 'api_break_x_batter_in', 'arm_angle', 'attack_angle', 'attack_direction', 'swing_path_tilt', 'intercept_ball_minus_batter_pos_x_inches', 'intercept_ball_minus_batter_pos_y_inches']
DEBUG pitch stand unique: ['R']
DEBUG pitch game_pk dtype: int64
DEBUG sample pitch game_pk: [776149, 776149, 776149, 776180, 776180]
DEBUG sample relevant_games: [777729, 776578, 777475, 776840, 777880]
  Processed 50/1545 conditional pairs
  Processed 100/1545 conditional pairs
  Processed 150/1545 conditional pairs
  Processed 200/1545 conditional pairs
  Processed 250/1545 conditional pairs
  Processed 300/1545 conditional pairs
  Processed 350/1545 conditional pairs
  Processed 400/1545 conditional pairs
  Processed 450/1545 conditional pairs
  Processed 500/1545 conditional pairs
  Processed 550/1545 conditional pairs
  Processed 600/1545 conditional pairs
  Processed 650/1545 conditional pairs
  Processed 700/1545 conditional pairs
  Processed 750/1545 conditional pairs
  Processed 800/1545 conditional pairs
  Processed 850/1545 conditional pairs
  Processed 900/1545 conditional pairs
  Processed 950/1545 conditional pairs
  Processed 1000/1545 conditional pairs
  Processed 1050/1545 conditional pairs
  Processed 1100/1545 conditional pairs
  Processed 1150/1545 conditional pairs
  Processed 1200/1545 conditional pairs
  Processed 1250/1545 conditional pairs
  Processed 1300/1545 conditional pairs
  Processed 1350/1545 conditional pairs
  Processed 1400/1545 conditional pairs
  Processed 1450/1545 conditional pairs
  Processed 1500/1545 conditional pairs
  Processed 1545/1545 conditional pairs
[2025] saved conditional_lineup_stats_comprehensive_2025.parquet (1545 pairs)
