[2024] loading team CSVs from C:\Users\jaico\lineups\statcast hitters 2024 ...
[2024] 182,765 PAs loaded.
[2024] building baselines + swing/bat-tracking metrics ...
Processed 100/519 hitters
Processed 200/519 hitters
Processed 300/519 hitters
Processed 400/519 hitters
Processed 500/519 hitters
Processed 519/519 hitters
[2024] saved hitter_baselines_comprehensive_2024.parquet (556 hitters)
[2024] computing conditional lineup stats ...

Calculating comprehensive Statcast metrics for conditional pairs...
(This may take several minutes depending on cache...)

DEBUG focal_id: 444482
DEBUG cond_id: 701538
DEBUG focal_side: L
DEBUG cond_side: L
DEBUG cache exists: True
DEBUG relevant_games count: 49
DEBUG filtered_pitches rows: 626
DEBUG pitch_data rows: 1014
DEBUG pitch_data columns: ['pitch_type', 'game_date', 'release_speed', 'release_pos_x', 'release_pos_z', 'player_name', 'batter', 'pitcher', 'events', 'description', 'spin_dir', 'spin_rate_deprecated', 'break_angle_deprecated', 'break_length_deprecated', 'zone', 'des', 'game_type', 'stand', 'p_throws', 'home_team', 'away_team', 'type', 'hit_location', 'bb_type', 'balls', 'strikes', 'game_year', 'pfx_x', 'pfx_z', 'plate_x', 'plate_z', 'on_3b', 'on_2b', 'on_1b', 'outs_when_up', 'inning', 'inning_topbot', 'hc_x', 'hc_y', 'tfs_deprecated', 'tfs_zulu_deprecated', 'umpire', 'sv_id', 'vx0', 'vy0', 'vz0', 'ax', 'ay', 'az', 'sz_top', 'sz_bot', 'hit_distance_sc', 'launch_speed', 'launch_angle', 'effective_speed', 'release_spin_rate', 'release_extension', 'game_pk', 'fielder_2', 'fielder_3', 'fielder_4', 'fielder_5', 'fielder_6', 'fielder_7', 'fielder_8', 'fielder_9', 'release_pos_y', 'estimated_ba_using_speedangle', 'estimated_woba_using_speedangle', 'woba_value', 'woba_denom', 'babip_value', 'iso_value', 'launch_speed_angle', 'at_bat_number', 'pitch_number', 'pitch_name', 'home_score', 'away_score', 'bat_score', 'fld_score', 'post_away_score', 'post_home_score', 'post_bat_score', 'post_fld_score', 'if_fielding_alignment', 'of_fielding_alignment', 'spin_axis', 'delta_home_win_exp', 'delta_run_exp', 'bat_speed', 'swing_length', 'miss_distance', 'estimated_slg_using_speedangle', 'delta_pitcher_run_exp', 'hyper_speed', 'home_score_diff', 'bat_score_diff', 'home_win_exp', 'bat_win_exp', 'age_pit_legacy', 'age_bat_legacy', 'age_pit', 'age_bat', 'n_thruorder_pitcher', 'n_priorpa_thisgame_player_at_bat', 'pitcher_days_since_prev_game', 'batter_days_since_prev_game', 'pitcher_days_until_next_game', 'batter_days_until_next_game', 'api_break_z_with_gravity', 'api_break_x_arm', 'api_break_x_batter_in', 'arm_angle', 'attack_angle', 'attack_direction', 'swing_path_tilt', 'intercept_ball_minus_batter_pos_x_inches', 'intercept_ball_minus_batter_pos_y_inches']
DEBUG pitch stand unique: ['L']
DEBUG pitch game_pk dtype: Int64
DEBUG sample pitch game_pk: [747147, 747147, 747147, 747147, 747147]
DEBUG sample relevant_games: [747008, 747010, 746618, 746516, 746518]

DEBUG focal_id: 453568
DEBUG cond_id: 595909
DEBUG focal_side: L
DEBUG cond_side: L
DEBUG cache exists: True
DEBUG relevant_games count: 10
DEBUG filtered_pitches rows: 177
DEBUG pitch_data rows: 1931
DEBUG pitch_data columns: ['pitch_type', 'game_date', 'release_speed', 'release_pos_x', 'release_pos_z', 'player_name', 'batter', 'pitcher', 'events', 'description', 'spin_dir', 'spin_rate_deprecated', 'break_angle_deprecated', 'break_length_deprecated', 'zone', 'des', 'game_type', 'stand', 'p_throws', 'home_team', 'away_team', 'type', 'hit_location', 'bb_type', 'balls', 'strikes', 'game_year', 'pfx_x', 'pfx_z', 'plate_x', 'plate_z', 'on_3b', 'on_2b', 'on_1b', 'outs_when_up', 'inning', 'inning_topbot', 'hc_x', 'hc_y', 'tfs_deprecated', 'tfs_zulu_deprecated', 'umpire', 'sv_id', 'vx0', 'vy0', 'vz0', 'ax', 'ay', 'az', 'sz_top', 'sz_bot', 'hit_distance_sc', 'launch_speed', 'launch_angle', 'effective_speed', 'release_spin_rate', 'release_extension', 'game_pk', 'fielder_2', 'fielder_3', 'fielder_4', 'fielder_5', 'fielder_6', 'fielder_7', 'fielder_8', 'fielder_9', 'release_pos_y', 'estimated_ba_using_speedangle', 'estimated_woba_using_speedangle', 'woba_value', 'woba_denom', 'babip_value', 'iso_value', 'launch_speed_angle', 'at_bat_number', 'pitch_number', 'pitch_name', 'home_score', 'away_score', 'bat_score', 'fld_score', 'post_away_score', 'post_home_score', 'post_bat_score', 'post_fld_score', 'if_fielding_alignment', 'of_fielding_alignment', 'spin_axis', 'delta_home_win_exp', 'delta_run_exp', 'bat_speed', 'swing_length', 'miss_distance', 'estimated_slg_using_speedangle', 'delta_pitcher_run_exp', 'hyper_speed', 'home_score_diff', 'bat_score_diff', 'home_win_exp', 'bat_win_exp', 'age_pit_legacy', 'age_bat_legacy', 'age_pit', 'age_bat', 'n_thruorder_pitcher', 'n_priorpa_thisgame_player_at_bat', 'pitcher_days_since_prev_game', 'batter_days_since_prev_game', 'pitcher_days_until_next_game', 'batter_days_until_next_game', 'api_break_z_with_gravity', 'api_break_x_arm', 'api_break_x_batter_in', 'arm_angle', 'attack_angle', 'attack_direction', 'swing_path_tilt', 'intercept_ball_minus_batter_pos_x_inches', 'intercept_ball_minus_batter_pos_y_inches']
DEBUG pitch stand unique: ['L']
DEBUG pitch game_pk dtype: Int64
DEBUG sample pitch game_pk: [746496, 746496, 746496, 746496, 746496]
DEBUG sample relevant_games: [745797, 746535, 745387, 746198, 746519]

DEBUG focal_id: 453568
DEBUG cond_id: 668845
DEBUG focal_side: L
DEBUG cond_side: R
DEBUG cache exists: True
DEBUG relevant_games count: 14
DEBUG filtered_pitches rows: 249
DEBUG pitch_data rows: 1931
DEBUG pitch_data columns: ['pitch_type', 'game_date', 'release_speed', 'release_pos_x', 'release_pos_z', 'player_name', 'batter', 'pitcher', 'events', 'description', 'spin_dir', 'spin_rate_deprecated', 'break_angle_deprecated', 'break_length_deprecated', 'zone', 'des', 'game_type', 'stand', 'p_throws', 'home_team', 'away_team', 'type', 'hit_location', 'bb_type', 'balls', 'strikes', 'game_year', 'pfx_x', 'pfx_z', 'plate_x', 'plate_z', 'on_3b', 'on_2b', 'on_1b', 'outs_when_up', 'inning', 'inning_topbot', 'hc_x', 'hc_y', 'tfs_deprecated', 'tfs_zulu_deprecated', 'umpire', 'sv_id', 'vx0', 'vy0', 'vz0', 'ax', 'ay', 'az', 'sz_top', 'sz_bot', 'hit_distance_sc', 'launch_speed', 'launch_angle', 'effective_speed', 'release_spin_rate', 'release_extension', 'game_pk', 'fielder_2', 'fielder_3', 'fielder_4', 'fielder_5', 'fielder_6', 'fielder_7', 'fielder_8', 'fielder_9', 'release_pos_y', 'estimated_ba_using_speedangle', 'estimated_woba_using_speedangle', 'woba_value', 'woba_denom', 'babip_value', 'iso_value', 'launch_speed_angle', 'at_bat_number', 'pitch_number', 'pitch_name', 'home_score', 'away_score', 'bat_score', 'fld_score', 'post_away_score', 'post_home_score', 'post_bat_score', 'post_fld_score', 'if_fielding_alignment', 'of_fielding_alignment', 'spin_axis', 'delta_home_win_exp', 'delta_run_exp', 'bat_speed', 'swing_length', 'miss_distance', 'estimated_slg_using_speedangle', 'delta_pitcher_run_exp', 'hyper_speed', 'home_score_diff', 'bat_score_diff', 'home_win_exp', 'bat_win_exp', 'age_pit_legacy', 'age_bat_legacy', 'age_pit', 'age_bat', 'n_thruorder_pitcher', 'n_priorpa_thisgame_player_at_bat', 'pitcher_days_since_prev_game', 'batter_days_since_prev_game', 'pitcher_days_until_next_game', 'batter_days_until_next_game', 'api_break_z_with_gravity', 'api_break_x_arm', 'api_break_x_batter_in', 'arm_angle', 'attack_angle', 'attack_direction', 'swing_path_tilt', 'intercept_ball_minus_batter_pos_x_inches', 'intercept_ball_minus_batter_pos_y_inches']
DEBUG pitch stand unique: ['L']
DEBUG pitch game_pk dtype: Int64
DEBUG sample pitch game_pk: [746496, 746496, 746496, 746496, 746496]
DEBUG sample relevant_games: [746528, 746530, 746692, 746501, 746534]

DEBUG focal_id: 453568
DEBUG cond_id: 686668
DEBUG focal_side: L
DEBUG cond_side: R
DEBUG cache exists: True
DEBUG relevant_games count: 12
DEBUG filtered_pitches rows: 175
DEBUG pitch_data rows: 1931
DEBUG pitch_data columns: ['pitch_type', 'game_date', 'release_speed', 'release_pos_x', 'release_pos_z', 'player_name', 'batter', 'pitcher', 'events', 'description', 'spin_dir', 'spin_rate_deprecated', 'break_angle_deprecated', 'break_length_deprecated', 'zone', 'des', 'game_type', 'stand', 'p_throws', 'home_team', 'away_team', 'type', 'hit_location', 'bb_type', 'balls', 'strikes', 'game_year', 'pfx_x', 'pfx_z', 'plate_x', 'plate_z', 'on_3b', 'on_2b', 'on_1b', 'outs_when_up', 'inning', 'inning_topbot', 'hc_x', 'hc_y', 'tfs_deprecated', 'tfs_zulu_deprecated', 'umpire', 'sv_id', 'vx0', 'vy0', 'vz0', 'ax', 'ay', 'az', 'sz_top', 'sz_bot', 'hit_distance_sc', 'launch_speed', 'launch_angle', 'effective_speed', 'release_spin_rate', 'release_extension', 'game_pk', 'fielder_2', 'fielder_3', 'fielder_4', 'fielder_5', 'fielder_6', 'fielder_7', 'fielder_8', 'fielder_9', 'release_pos_y', 'estimated_ba_using_speedangle', 'estimated_woba_using_speedangle', 'woba_value', 'woba_denom', 'babip_value', 'iso_value', 'launch_speed_angle', 'at_bat_number', 'pitch_number', 'pitch_name', 'home_score', 'away_score', 'bat_score', 'fld_score', 'post_away_score', 'post_home_score', 'post_bat_score', 'post_fld_score', 'if_fielding_alignment', 'of_fielding_alignment', 'spin_axis', 'delta_home_win_exp', 'delta_run_exp', 'bat_speed', 'swing_length', 'miss_distance', 'estimated_slg_using_speedangle', 'delta_pitcher_run_exp', 'hyper_speed', 'home_score_diff', 'bat_score_diff', 'home_win_exp', 'bat_win_exp', 'age_pit_legacy', 'age_bat_legacy', 'age_pit', 'age_bat', 'n_thruorder_pitcher', 'n_priorpa_thisgame_player_at_bat', 'pitcher_days_since_prev_game', 'batter_days_since_prev_game', 'pitcher_days_until_next_game', 'batter_days_until_next_game', 'api_break_z_with_gravity', 'api_break_x_arm', 'api_break_x_batter_in', 'arm_angle', 'attack_angle', 'attack_direction', 'swing_path_tilt', 'intercept_ball_minus_batter_pos_x_inches', 'intercept_ball_minus_batter_pos_y_inches']
DEBUG pitch stand unique: ['L']
DEBUG pitch game_pk dtype: Int64
DEBUG sample pitch game_pk: [746496, 746496, 746496, 746496, 746496]
DEBUG sample relevant_games: [746569, 746571, 746575, 746576, 746898]

DEBUG focal_id: 453568
DEBUG cond_id: 687597
DEBUG focal_side: L
DEBUG cond_side: R
DEBUG cache exists: True
DEBUG relevant_games count: 19
DEBUG filtered_pitches rows: 279
DEBUG pitch_data rows: 1931
DEBUG pitch_data columns: ['pitch_type', 'game_date', 'release_speed', 'release_pos_x', 'release_pos_z', 'player_name', 'batter', 'pitcher', 'events', 'description', 'spin_dir', 'spin_rate_deprecated', 'break_angle_deprecated', 'break_length_deprecated', 'zone', 'des', 'game_type', 'stand', 'p_throws', 'home_team', 'away_team', 'type', 'hit_location', 'bb_type', 'balls', 'strikes', 'game_year', 'pfx_x', 'pfx_z', 'plate_x', 'plate_z', 'on_3b', 'on_2b', 'on_1b', 'outs_when_up', 'inning', 'inning_topbot', 'hc_x', 'hc_y', 'tfs_deprecated', 'tfs_zulu_deprecated', 'umpire', 'sv_id', 'vx0', 'vy0', 'vz0', 'ax', 'ay', 'az', 'sz_top', 'sz_bot', 'hit_distance_sc', 'launch_speed', 'launch_angle', 'effective_speed', 'release_spin_rate', 'release_extension', 'game_pk', 'fielder_2', 'fielder_3', 'fielder_4', 'fielder_5', 'fielder_6', 'fielder_7', 'fielder_8', 'fielder_9', 'release_pos_y', 'estimated_ba_using_speedangle', 'estimated_woba_using_speedangle', 'woba_value', 'woba_denom', 'babip_value', 'iso_value', 'launch_speed_angle', 'at_bat_number', 'pitch_number', 'pitch_name', 'home_score', 'away_score', 'bat_score', 'fld_score', 'post_away_score', 'post_home_score', 'post_bat_score', 'post_fld_score', 'if_fielding_alignment', 'of_fielding_alignment', 'spin_axis', 'delta_home_win_exp', 'delta_run_exp', 'bat_speed', 'swing_length', 'miss_distance', 'estimated_slg_using_speedangle', 'delta_pitcher_run_exp', 'hyper_speed', 'home_score_diff', 'bat_score_diff', 'home_win_exp', 'bat_win_exp', 'age_pit_legacy', 'age_bat_legacy', 'age_pit', 'age_bat', 'n_thruorder_pitcher', 'n_priorpa_thisgame_player_at_bat', 'pitcher_days_since_prev_game', 'batter_days_since_prev_game', 'pitcher_days_until_next_game', 'batter_days_until_next_game', 'api_break_z_with_gravity', 'api_break_x_arm', 'api_break_x_batter_in', 'arm_angle', 'attack_angle', 'attack_direction', 'swing_path_tilt', 'intercept_ball_minus_batter_pos_x_inches', 'intercept_ball_minus_batter_pos_y_inches']
DEBUG pitch stand unique: ['L']
DEBUG pitch game_pk dtype: Int64
DEBUG sample pitch game_pk: [746496, 746496, 746496, 746496, 746496]
DEBUG sample relevant_games: [746502, 746509, 746510, 746511, 746518]
  Processed 50/1576 conditional pairs
  Processed 100/1576 conditional pairs
  Processed 150/1576 conditional pairs
  Processed 200/1576 conditional pairs
  Processed 250/1576 conditional pairs
  Processed 300/1576 conditional pairs
  Processed 350/1576 conditional pairs
  Processed 400/1576 conditional pairs
  Processed 450/1576 conditional pairs
  Processed 500/1576 conditional pairs
  Processed 550/1576 conditional pairs
  Processed 600/1576 conditional pairs
  Processed 650/1576 conditional pairs
  Processed 700/1576 conditional pairs
  Processed 750/1576 conditional pairs
  Processed 800/1576 conditional pairs
  Processed 850/1576 conditional pairs
  Processed 900/1576 conditional pairs
  Processed 950/1576 conditional pairs
  Processed 1000/1576 conditional pairs
  Processed 1050/1576 conditional pairs
  Processed 1100/1576 conditional pairs
  Processed 1150/1576 conditional pairs
  Processed 1200/1576 conditional pairs
  Processed 1250/1576 conditional pairs
  Processed 1300/1576 conditional pairs
  Processed 1350/1576 conditional pairs
  Processed 1400/1576 conditional pairs
  Processed 1450/1576 conditional pairs
  Processed 1500/1576 conditional pairs
  Processed 1550/1576 conditional pairs
  Processed 1576/1576 conditional pairs
[2024] saved conditional_lineup_stats_comprehensive_2024.parquet (1576 pairs)
